[12:31:45] step formal ...
[12:31:45] tamarin meridian_v1.spthy default ...
[12:31:47] tamarin meridian_v1.spthy default done in 2.1s
[12:31:47] tamarin meridian_v1.spthy NOBETA ...
[12:31:49] tamarin meridian_v1.spthy NOBETA done in 1.5s
[12:31:49] tamarin meridian_v1.spthy ONESIDED ...
[12:31:50] tamarin meridian_v1.spthy ONESIDED done in 1.5s
[12:31:50] tamarin meridian_g2.spthy default ...
[12:31:52] tamarin meridian_g2.spthy default done in 1.9s
[12:31:52] tamarin checkout_ext.spthy default ...
[12:31:53] tamarin checkout_ext.spthy default done in 0.6s
[12:31:53] tamarin checkout_ext.spthy MERIDIAN ...
[12:31:55] tamarin checkout_ext.spthy MERIDIAN done in 1.9s
[12:31:55] proverif private_lookup.pv ...
[12:31:55] proverif private_lookup.pv done in 0.0s
[12:31:55] proverif private_lookup_full_hash.pv ...
[12:31:55] proverif private_lookup_full_hash.pv done in 0.0s
[12:31:55] step formal done in 9.6s
[12:31:55] step toys ...
[12:31:55] F3 toy table ...
[12:31:56] F3 toy table done in 0.2s
[12:31:56] T4 mutation tests ...
[12:31:56] T4 mutation tests done in 0.1s
[12:31:56] F5 split hardness ...
[12:33:43] F5 split hardness done in 107.8s
[12:33:43] step toys done in 108.6s
[12:33:43] step e4 ...
Loading weights:   0%|          | 0/103 [00:00<?, ?it/s]Loading weights: 100%|██████████| 103/103 [00:00<00:00, 15327.23it/s]
[12:33:44] E4 build 1200 Tranco brands with lookalikes ...
[12:33:45] E4 build 1200 Tranco brands with lookalikes done in 1.6s
[12:33:45] E4 sweep theta x tau on the calibration split ...
[12:34:39] E4 sweep theta x tau on the calibration split done in 54.0s
[12:35:01] step e4 done in 77.8s
[12:35:01] step e1 ...
[12:35:01] E1 build ...
[12:35:02] E1 build done in 0.5s
[12:35:02] E1 decisions and latency on 820 cases ...
[12:35:04] E1 decisions and latency on 820 cases done in 2.4s
[12:35:05] step e1 done in 3.8s
[12:35:05] step e2 ...
[12:35:05] E2/E3 build bench (attack=60, benign/structure=90, pv=20) ...
[12:35:06] E2/E3 build bench (attack=60, benign/structure=90, pv=20) done in 1.1s
[12:35:06] E2/E3 run 2050 payments x 11 configurations ...
  250/2050 payments
  500/2050 payments
  750/2050 payments
  1000/2050 payments
  1250/2050 payments
  1500/2050 payments
  1750/2050 payments
  2000/2050 payments
[12:35:21] E2/E3 run 2050 payments x 11 configurations done in 14.6s
[12:35:22] step e2 done in 16.7s
[12:35:22] step e5 ...
[12:35:22] E5 probation sweep ...
[12:35:33] E5 probation sweep done in 11.4s
[12:35:33] E5 monitor reaction sweep at Delta = 3 days ...
[12:35:38] E5 monitor reaction sweep at Delta = 3 days done in 4.8s
[12:35:38] E5 probation cap sweep at Delta = 3 days ...
[12:35:42] E5 probation cap sweep at Delta = 3 days done in 3.8s
[12:35:42] step e5 done in 20.0s
[12:35:42] step e6 ...
[12:35:42] E6 void latency on card backend (simulator) ...
[12:35:42] E6 void latency on card backend (simulator) done in 0.0s
[12:35:42] E6 rail x scenario x mode x f simulations ...
[12:35:46] E6 rail x scenario x mode x f simulations done in 4.0s
[12:35:46] step e6 done in 4.3s
[12:35:46] step e7 ...
[12:35:46] E7 30 Groth16 membership proofs ...
[12:36:05] E7 30 Groth16 membership proofs done in 18.8s
[12:36:05] E7 BBS presentations ...
[12:36:15] E7 BBS presentations done in 10.1s
[12:36:16] E7 H4 agreement on 250 chronological cases (M3 vs M4) ...
[12:37:36] E7 H4 agreement on 250 chronological cases (M3 vs M4) done in 79.7s
[12:37:36] step e7 done in 110.2s
[12:37:36] step e8 ...
[12:37:36] E8 PAV throughput ...
[12:37:51] E8 PAV throughput done in 14.6s
[12:37:51] E8 graph 10,000 nodes / 100,000 edges ...
[12:37:51] E8 graph 10,000 nodes / 100,000 edges done in 0.1s
[12:37:51] E8 graph 100,000 nodes / 1,000,000 edges ...
[12:37:51] E8 graph 100,000 nodes / 1,000,000 edges done in 0.3s
[12:37:51] E8 graph 1,000,000 nodes / 10,000,000 edges ...
[12:37:54] E8 graph 1,000,000 nodes / 10,000,000 edges done in 2.7s
[12:37:54] E8 Merkle log ...
[12:38:05] E8 Merkle log done in 11.1s
[12:38:05] step e8 done in 28.8s
[12:38:05] step e9 ...
[12:38:05] E9 AgentDojo banking suite ...
[12:38:07] E9 AgentDojo banking suite done in 2.1s
[12:38:07] E9 marketplace simulation ...
[12:38:10] E9 marketplace simulation done in 3.0s
[12:38:10] step e9 done in 5.1s
[12:38:10] step e10 ...
[12:38:10] E10 measuring 80 retailers ...
[12:38:35] E10 measuring 80 retailers done in 24.4s
[12:38:35] E10 lookalike prevalence ...
[12:40:07] E10 lookalike prevalence done in 92.4s
[12:40:07] step e10 done in 116.8s
[12:40:07] step ablations ...
[12:40:07] ablation 1: bilateral vs one-sided edges ...
[12:40:07] ablation 1: bilateral vs one-sided edges done in 0.3s
[12:40:07] ablation 2: scope meet ...
[12:40:08] ablation 2: scope meet done in 0.3s
[12:40:08] ablation 3: status freshness rho ...
[12:40:08] ablation 3: status freshness rho done in 0.8s
[12:40:08] step ablations done in 1.4s
failed steps: none
